[2026-08-22T19:01:48.351Z] [INFO] Log file: C:\Users\Kevin\Documents\repos\JSClipping\logs\clip-2026-08-22_21-01-48.log
[2026-08-22T19:01:48.351Z] [INFO] Requested clip length: 30s
[2026-08-22T19:01:48.351Z] [INFO] OBS_URL: ws://localhost:4455
[2026-08-22T19:01:48.352Z] [INFO] CLIP_OUTPUT_DIR: G:\\OBS Aufnahmen
[2026-08-22T19:01:48.370Z] [INFO] Connected to OBS WebSocket
[2026-08-22T19:01:48.371Z] [INFO] SaveReplayBuffer requested
[2026-08-22T19:01:48.879Z] [INFO] Poll 1/20: G:/OBS Aufnahmen/Replay 2026-08-22 21-00-23.mp4
[2026-08-22T19:01:48.880Z] [INFO] Replay file: G:/OBS Aufnahmen/Replay 2026-08-22 21-00-23.mp4 (476388888 bytes)
[2026-08-22T19:01:48.929Z] [INFO] Replay duration: 378.066667s
[2026-08-22T19:01:48.930Z] [INFO] Trim start: 348.066667s (keeping last 30s)
[2026-08-22T19:01:48.930Z] [INFO] ffmpeg -y -ss 348.066667 -i "G:/OBS Aufnahmen/Replay 2026-08-22 21-00-23.mp4" -c copy "G:\OBS Aufnahmen\Replay 2026-08-22 21-00-23_30s.mp4"
[2026-08-22T19:01:49.032Z] [INFO] ffmpeg stderr:
ffmpeg version 8.1.1-essentials_build-www.gyan.dev Copyright (c) 2000-2026 the FFmpeg developers
  built with gcc 15.2.0 (Rev13, Built by MSYS2 project)
  configuration: --enable-gpl --enable-version3 --enable-static --disable-w32threads --disable-autodetect --enable-cairo --enable-fontconfig --enable-iconv --enable-gnutls --enable-libxml2 --enable-gmp --enable-bzlib --enable-lzma --enable-zlib --enable-libsrt --enable-libssh --enable-libzmq --enable-avisynth --enable-sdl2 --enable-libwebp --enable-libx264 --enable-libx265 --enable-libxvid --enable-libaom --enable-libopenjpeg --enable-libvpx --enable-mediafoundation --enable-libass --enable-libfreetype --enable-libfribidi --enable-libharfbuzz --enable-libvidstab --enable-libvmaf --enable-libzimg --enable-amf --enable-cuda-llvm --enable-cuvid --enable-dxva2 --enable-d3d11va --enable-d3d12va --enable-ffnvcodec --enable-libvpl --enable-nvdec --enable-nvenc --enable-vaapi --enable-openal --enable-libgme --enable-libopenmpt --enable-libopencore-amrwb --enable-libmp3lame --enable-libtheora --enable-libvo-amrwbenc --enable-libgsm --enable-libopencore-amrnb --enable-libopus --enable-libspeex --enable-libvorbis --enable-librubberband
  libavutil      60. 26.101 / 60. 26.101
  libavcodec     62. 28.101 / 62. 28.101
  libavformat    62. 12.101 / 62. 12.101
  libavdevice    62.  3.101 / 62.  3.101
  libavfilter    11. 14.101 / 11. 14.101
  libswscale      9.  5.101 /  9.  5.101
  libswresample   6.  3.101 /  6.  3.101
[in#0 @ 000002042aa4fc00] UDTA parsing failed retrying raw
Input #0, mov,mp4,m4a,3gp,3g2,mj2, from 'G:/OBS Aufnahmen/Replay 2026-08-22 21-00-23.mp4':
  Metadata:
    major_brand     : isom
    minor_version   : 512
    compatible_brands: isomiso2avc1mp41
    encoder         : Lavf62.12.102
  Duration: 00:06:18.07, start: 0.000000, bitrate: 10080 kb/s
  Stream #0:0[0x1](und): Video: h264 (High) (avc1 / 0x31637661), yuv420p(tv, bt709, progressive), 1716x720 [SAR 1:1 DAR 143:60], 10000 kb/s, 60 fps, 60 tbr, 15360 tbn (default)
    Metadata:
      handler_name    : VideoHandler
  Stream #0:1[0x2](und): Audio: aac (LC) (mp4a / 0x6134706D), 48000 Hz, stereo, fltp, 68 kb/s (default)
    Metadata:
      handler_name    : SoundHandler
      name            : Track1
Stream mapping:
  Stream #0:0 -> #0:0 (copy)
  Stream #0:1 -> #0:1 (copy)
Output #0, mp4, to 'G:\OBS Aufnahmen\Replay 2026-08-22 21-00-23_30s.mp4':
  Metadata:
    major_brand     : isom
    minor_version   : 512
    compatible_brands: isomiso2avc1mp41
    encoder         : Lavf62.12.101
  Stream #0:0(und): Video: h264 (High) (avc1 / 0x31637661), yuv420p(tv, bt709, progressive), 1716x720 [SAR 1:1 DAR 143:60], q=2-31, 10000 kb/s, 60 fps, 60 tbr, 15360 tbn (default)
    Metadata:
      handler_name    : VideoHandler
  Stream #0:1(und): Audio: aac (LC) (mp4a / 0x6134706D), 48000 Hz, stereo, fltp, 68 kb/s (default)
    Metadata:
      handler_name    : SoundHandler
      name            : Track1
Press [q] to stop, [?] for help
[out#0/mp4 @ 000002042aab1280] video:39349KiB audio:549KiB subtitle:0KiB other streams:0KiB global headers:0KiB muxing overhead: 0.118453%
frame= 1934 fps=0.0 q=-1.0 Lsize=   39945KiB time=00:00:29.96 bitrate=10919.9kbits/s speed= 655x elapsed=0:00:00.04
[2026-08-22T19:01:49.149Z] [INFO] Output file: G:\OBS Aufnahmen\Replay 2026-08-22 21-00-23_30s.mp4 (40904122 bytes)
[2026-08-22T19:01:49.150Z] [INFO] Output duration: 30.016992s
[2026-08-22T19:01:49.165Z] [INFO] Saved 30s clip: G:\OBS Aufnahmen\Replay 2026-08-22 21-00-23_30s.mp4
[2026-08-22T19:01:49.167Z] [INFO] Disconnected from OBS
